Release 14.7 - xst P.20131013 (nt64)
Copyright (c) 1995-2013 Xilinx, Inc.  All rights reserved.
--> Parameter TMPDIR set to xst/projnav.tmp


Total REAL time to Xst completion: 0.00 secs
Total CPU time to Xst completion: 0.08 secs
 
--> Parameter xsthdpdir set to xst


Total REAL time to Xst completion: 0.00 secs
Total CPU time to Xst completion: 0.08 secs
 
--> Reading design: top_level_lab7.prj

TABLE OF CONTENTS
  1) Synthesis Options Summary
  2) HDL Parsing
  3) HDL Elaboration
  4) HDL Synthesis
       4.1) HDL Synthesis Report
  5) Advanced HDL Synthesis
       5.1) Advanced HDL Synthesis Report
  6) Low Level Synthesis
  7) Partition Report
  8) Design Summary
       8.1) Primitive and Black Box Usage
       8.2) Device utilization summary
       8.3) Partition Resource Summary
       8.4) Timing Report
            8.4.1) Clock Information
            8.4.2) Asynchronous Control Signals Information
            8.4.3) Timing Summary
            8.4.4) Timing Details
            8.4.5) Cross Clock Domains Report


=========================================================================
*                      Synthesis Options Summary                        *
=========================================================================
---- Source Parameters
Input File Name                    : "top_level_lab7.prj"
Ignore Synthesis Constraint File   : NO

---- Target Parameters
Output File Name                   : "top_level_lab7"
Output Format                      : NGC
Target Device                      : xc7a100t-3-csg324

---- Source Options
Top Module Name                    : top_level_lab7
Automatic FSM Extraction           : YES
FSM Encoding Algorithm             : Auto
Safe Implementation                : No
FSM Style                          : LUT
RAM Extraction                     : Yes
RAM Style                          : Auto
ROM Extraction                     : Yes
Shift Register Extraction          : YES
ROM Style                          : Auto
Resource Sharing                   : YES
Asynchronous To Synchronous        : NO
Shift Register Minimum Size        : 2
Use DSP Block                      : Auto
Automatic Register Balancing       : No

---- Target Options
LUT Combining                      : Auto
Reduce Control Sets                : Auto
Add IO Buffers                     : YES
Global Maximum Fanout              : 100000
Add Generic Clock Buffer(BUFG)     : 32
Register Duplication               : YES
Optimize Instantiated Primitives   : NO
Use Clock Enable                   : Auto
Use Synchronous Set                : Auto
Use Synchronous Reset              : Auto
Pack IO Registers into IOBs        : Auto
Equivalent register Removal        : YES

---- General Options
Optimization Goal                  : Speed
Optimization Effort                : 1
Power Reduction                    : NO
Keep Hierarchy                     : No
Netlist Hierarchy                  : As_Optimized
RTL Output                         : Yes
Global Optimization                : AllClockNets
Read Cores                         : YES
Write Timing Constraints           : NO
Cross Clock Analysis               : NO
Hierarchy Separator                : /
Bus Delimiter                      : <>
Case Specifier                     : Maintain
Slice Utilization Ratio            : 100
BRAM Utilization Ratio             : 100
DSP48 Utilization Ratio            : 100
Auto BRAM Packing                  : NO
Slice Utilization Ratio Delta      : 5

---- Other Options
Cores Search Directories           : {"ipcore_dir"  }

=========================================================================


=========================================================================
*                          HDL Parsing                                  *
=========================================================================
Analyzing Verilog file "C:\Users\Jesus\Documents\Xilinx_Files\CPU\CPU_Execution_Unit\reg16.v" into library work
Parsing module <reg16>.
Analyzing Verilog file "C:\Users\Jesus\Documents\Xilinx_Files\CPU\CPU_Execution_Unit\decoder3to8.v" into library work
Parsing module <decoder3to8>.
Analyzing Verilog file "C:\Users\Jesus\Documents\Xilinx_Files\CPU\CPU_Execution_Unit\Register_File.v" into library work
Parsing module <Register_File>.
Analyzing Verilog file "C:\Users\Jesus\Documents\Xilinx_Files\CPU\CPU_Execution_Unit\alu16.v" into library work
Parsing module <alu16>.
Analyzing Verilog file "C:\Users\Jesus\Documents\Xilinx_Files\CPU\CPU_Execution_Unit\reg16_L_Inc.v" into library work
Parsing module <reg16_L_Inc>.
Analyzing Verilog file "C:\Users\Jesus\Documents\Xilinx_Files\CPU\CPU_Execution_Unit\pixel_controller.v" into library work
Parsing module <pixel_controller>.
Analyzing Verilog file "C:\Users\Jesus\Documents\Xilinx_Files\CPU\CPU_Execution_Unit\pixel_clk.v" into library work
Parsing module <pixel_clk>.
Analyzing Verilog file "C:\Users\Jesus\Documents\Xilinx_Files\CPU\CPU_Execution_Unit\one_shot.v" into library work
Parsing module <one_shot>.
Analyzing Verilog file "C:\Users\Jesus\Documents\Xilinx_Files\CPU\CPU_Execution_Unit\ipcore_dir\ram_256x16.v" into library work
Parsing module <ram_256x16>.
Analyzing Verilog file "C:\Users\Jesus\Documents\Xilinx_Files\CPU\CPU_Execution_Unit\IDP.v" into library work
Parsing module <IDP>.
Analyzing Verilog file "C:\Users\Jesus\Documents\Xilinx_Files\CPU\CPU_Execution_Unit\hexto7segment.v" into library work
Parsing module <hexto7segment>.
Analyzing Verilog file "C:\Users\Jesus\Documents\Xilinx_Files\CPU\CPU_Execution_Unit\clk_500Hz.v" into library work
Parsing module <clk_500Hz>.
Analyzing Verilog file "C:\Users\Jesus\Documents\Xilinx_Files\CPU\CPU_Execution_Unit\ad_mux.v" into library work
Parsing module <ad_mux>.
Analyzing Verilog file "C:\Users\Jesus\Documents\Xilinx_Files\CPU\CPU_Execution_Unit\ram7.v" into library work
Parsing module <ram7>.
Analyzing Verilog file "C:\Users\Jesus\Documents\Xilinx_Files\CPU\CPU_Execution_Unit\Display_Controller.v" into library work
Parsing module <Display_Controller>.
Analyzing Verilog file "C:\Users\Jesus\Documents\Xilinx_Files\CPU\CPU_Execution_Unit\debounce.v" into library work
Parsing module <debounce>.
Analyzing Verilog file "C:\Users\Jesus\Documents\Xilinx_Files\CPU\CPU_Execution_Unit\CPU_EU.v" into library work
Parsing module <CPU_EU>.
Analyzing Verilog file "C:\Users\Jesus\Documents\Xilinx_Files\CPU\CPU_Execution_Unit\top_level_lab7.v" into library work
Parsing module <top_level_lab7>.

=========================================================================
*                            HDL Elaboration                            *
=========================================================================

Elaborating module <top_level_lab7>.

Elaborating module <CPU_EU>.

Elaborating module <IDP>.

Elaborating module <Register_File>.

Elaborating module <decoder3to8>.

Elaborating module <reg16>.

Elaborating module <alu16>.
WARNING:HDLCompiler:413 - "C:\Users\Jesus\Documents\Xilinx_Files\CPU\CPU_Execution_Unit\alu16.v" Line 30: Result of 32-bit expression is truncated to fit in 17-bit target.
WARNING:HDLCompiler:413 - "C:\Users\Jesus\Documents\Xilinx_Files\CPU\CPU_Execution_Unit\alu16.v" Line 46: Result of 32-bit expression is truncated to fit in 17-bit target.

Elaborating module <reg16_L_Inc>.
WARNING:HDLCompiler:413 - "C:\Users\Jesus\Documents\Xilinx_Files\CPU\CPU_Execution_Unit\reg16_L_Inc.v" Line 24: Result of 17-bit expression is truncated to fit in 16-bit target.

Elaborating module <debounce>.

Elaborating module <clk_500Hz>.

Elaborating module <one_shot>.

Elaborating module <ram7>.

Elaborating module <ram_256x16>.
WARNING:HDLCompiler:1499 - "C:\Users\Jesus\Documents\Xilinx_Files\CPU\CPU_Execution_Unit\ipcore_dir\ram_256x16.v" Line 39: Empty module <ram_256x16> remains a black box.

Elaborating module <Display_Controller>.

Elaborating module <pixel_clk>.

Elaborating module <pixel_controller>.

Elaborating module <ad_mux>.

Elaborating module <hexto7segment>.

=========================================================================
*                           HDL Synthesis                               *
=========================================================================

Synthesizing Unit <top_level_lab7>.
    Related source file is "C:\Users\Jesus\Documents\Xilinx_Files\CPU\CPU_Execution_Unit\top_level_lab7.v".
    Summary:
	no macro.
Unit <top_level_lab7> synthesized.

Synthesizing Unit <CPU_EU>.
    Related source file is "C:\Users\Jesus\Documents\Xilinx_Files\CPU\CPU_Execution_Unit\CPU_EU.v".
    Summary:
	inferred   1 Multiplexer(s).
Unit <CPU_EU> synthesized.

Synthesizing Unit <IDP>.
    Related source file is "C:\Users\Jesus\Documents\Xilinx_Files\CPU\CPU_Execution_Unit\IDP.v".
    Summary:
	inferred   1 Multiplexer(s).
Unit <IDP> synthesized.

Synthesizing Unit <Register_File>.
    Related source file is "C:\Users\Jesus\Documents\Xilinx_Files\CPU\CPU_Execution_Unit\Register_File.v".
    Summary:
	no macro.
Unit <Register_File> synthesized.

Synthesizing Unit <decoder3to8>.
    Related source file is "C:\Users\Jesus\Documents\Xilinx_Files\CPU\CPU_Execution_Unit\decoder3to8.v".
    Summary:
	inferred   8 Multiplexer(s).
Unit <decoder3to8> synthesized.

Synthesizing Unit <reg16>.
    Related source file is "C:\Users\Jesus\Documents\Xilinx_Files\CPU\CPU_Execution_Unit\reg16.v".
    Found 16-bit register for signal <Dout>.
    Found 1-bit tristate buffer for signal <DA<15>> created at line 39
    Found 1-bit tristate buffer for signal <DA<14>> created at line 39
    Found 1-bit tristate buffer for signal <DA<13>> created at line 39
    Found 1-bit tristate buffer for signal <DA<12>> created at line 39
    Found 1-bit tristate buffer for signal <DA<11>> created at line 39
    Found 1-bit tristate buffer for signal <DA<10>> created at line 39
    Found 1-bit tristate buffer for signal <DA<9>> created at line 39
    Found 1-bit tristate buffer for signal <DA<8>> created at line 39
    Found 1-bit tristate buffer for signal <DA<7>> created at line 39
    Found 1-bit tristate buffer for signal <DA<6>> created at line 39
    Found 1-bit tristate buffer for signal <DA<5>> created at line 39
    Found 1-bit tristate buffer for signal <DA<4>> created at line 39
    Found 1-bit tristate buffer for signal <DA<3>> created at line 39
    Found 1-bit tristate buffer for signal <DA<2>> created at line 39
    Found 1-bit tristate buffer for signal <DA<1>> created at line 39
    Found 1-bit tristate buffer for signal <DA<0>> created at line 39
    Found 1-bit tristate buffer for signal <DB<15>> created at line 40
    Found 1-bit tristate buffer for signal <DB<14>> created at line 40
    Found 1-bit tristate buffer for signal <DB<13>> created at line 40
    Found 1-bit tristate buffer for signal <DB<12>> created at line 40
    Found 1-bit tristate buffer for signal <DB<11>> created at line 40
    Found 1-bit tristate buffer for signal <DB<10>> created at line 40
    Found 1-bit tristate buffer for signal <DB<9>> created at line 40
    Found 1-bit tristate buffer for signal <DB<8>> created at line 40
    Found 1-bit tristate buffer for signal <DB<7>> created at line 40
    Found 1-bit tristate buffer for signal <DB<6>> created at line 40
    Found 1-bit tristate buffer for signal <DB<5>> created at line 40
    Found 1-bit tristate buffer for signal <DB<4>> created at line 40
    Found 1-bit tristate buffer for signal <DB<3>> created at line 40
    Found 1-bit tristate buffer for signal <DB<2>> created at line 40
    Found 1-bit tristate buffer for signal <DB<1>> created at line 40
    Found 1-bit tristate buffer for signal <DB<0>> created at line 40
    Summary:
	inferred  16 D-type flip-flop(s).
	inferred  32 Tristate(s).
Unit <reg16> synthesized.

Synthesizing Unit <alu16>.
    Related source file is "C:\Users\Jesus\Documents\Xilinx_Files\CPU\CPU_Execution_Unit\alu16.v".
    Found 17-bit subtractor for signal <GND_39_o_GND_39_o_sub_2_OUT> created at line 30.
    Found 17-bit subtractor for signal <GND_39_o_GND_39_o_sub_4_OUT> created at line 32.
    Found 17-bit adder for signal <n0033> created at line 29.
    Found 17-bit adder for signal <n0036> created at line 31.
    Found 17-bit subtractor for signal <GND_39_o_GND_39_o_sub_9_OUT> created at line 46.
    Found 16-bit 15-to-1 multiplexer for signal <Y> created at line 26.
    Summary:
	inferred   5 Adder/Subtractor(s).
	inferred  11 Multiplexer(s).
Unit <alu16> synthesized.

Synthesizing Unit <reg16_L_Inc>.
    Related source file is "C:\Users\Jesus\Documents\Xilinx_Files\CPU\CPU_Execution_Unit\reg16_L_Inc.v".
    Found 16-bit register for signal <Q>.
    Found 16-bit adder for signal <Q[15]_GND_40_o_add_0_OUT> created at line 24.
    Summary:
	inferred   1 Adder/Subtractor(s).
	inferred  16 D-type flip-flop(s).
Unit <reg16_L_Inc> synthesized.

Synthesizing Unit <debounce>.
    Related source file is "C:\Users\Jesus\Documents\Xilinx_Files\CPU\CPU_Execution_Unit\debounce.v".
    Summary:
	no macro.
Unit <debounce> synthesized.

Synthesizing Unit <clk_500Hz>.
    Related source file is "C:\Users\Jesus\Documents\Xilinx_Files\CPU\CPU_Execution_Unit\clk_500Hz.v".
    Found 32-bit register for signal <i>.
    Found 1-bit register for signal <clk_out>.
    Found 32-bit adder for signal <i[31]_GND_42_o_add_1_OUT> created at line 41.
    Found 32-bit comparator greater for signal <n0002> created at line 44
    Summary:
	inferred   1 Adder/Subtractor(s).
	inferred  33 D-type flip-flop(s).
	inferred   1 Comparator(s).
	inferred   1 Multiplexer(s).
Unit <clk_500Hz> synthesized.

Synthesizing Unit <one_shot>.
    Related source file is "C:\Users\Jesus\Documents\Xilinx_Files\CPU\CPU_Execution_Unit\one_shot.v".
    Found 1-bit register for signal <q1>.
    Found 1-bit register for signal <q2>.
    Found 1-bit register for signal <q3>.
    Found 1-bit register for signal <q4>.
    Found 1-bit register for signal <q5>.
    Found 1-bit register for signal <q6>.
    Found 1-bit register for signal <q7>.
    Found 1-bit register for signal <q8>.
    Found 1-bit register for signal <q9>.
    Found 1-bit register for signal <q0>.
    Summary:
	inferred  10 D-type flip-flop(s).
Unit <one_shot> synthesized.

Synthesizing Unit <ram7>.
    Related source file is "C:\Users\Jesus\Documents\Xilinx_Files\CPU\CPU_Execution_Unit\ram7.v".
    Summary:
	no macro.
Unit <ram7> synthesized.

Synthesizing Unit <Display_Controller>.
    Related source file is "C:\Users\Jesus\Documents\Xilinx_Files\CPU\CPU_Execution_Unit\Display_Controller.v".
    Summary:
	no macro.
Unit <Display_Controller> synthesized.

Synthesizing Unit <pixel_clk>.
    Related source file is "C:\Users\Jesus\Documents\Xilinx_Files\CPU\CPU_Execution_Unit\pixel_clk.v".
    Found 32-bit register for signal <i>.
    Found 1-bit register for signal <clk_out>.
    Found 32-bit adder for signal <i[31]_GND_47_o_add_2_OUT> created at line 50.
    Found 32-bit comparator greater for signal <i[31]_GND_47_o_LessThan_2_o> created at line 44
    Summary:
	inferred   1 Adder/Subtractor(s).
	inferred  33 D-type flip-flop(s).
	inferred   1 Comparator(s).
	inferred   1 Multiplexer(s).
Unit <pixel_clk> synthesized.

Synthesizing Unit <pixel_controller>.
    Related source file is "C:\Users\Jesus\Documents\Xilinx_Files\CPU\CPU_Execution_Unit\pixel_controller.v".
    Found 3-bit register for signal <present_state>.
    Found finite state machine <FSM_0> for signal <present_state>.
    -----------------------------------------------------------------------
    | States             | 8                                              |
    | Transitions        | 8                                              |
    | Inputs             | 0                                              |
    | Outputs            | 11                                             |
    | Clock              | clk_480Hz (rising_edge)                        |
    | Reset              | reset (positive)                               |
    | Reset type         | asynchronous                                   |
    | Reset State        | 000                                            |
    | Encoding           | auto                                           |
    | Implementation     | LUT                                            |
    -----------------------------------------------------------------------
    Summary:
	inferred   1 Finite State Machine(s).
Unit <pixel_controller> synthesized.

Synthesizing Unit <ad_mux>.
    Related source file is "C:\Users\Jesus\Documents\Xilinx_Files\CPU\CPU_Execution_Unit\ad_mux.v".
    Found 4-bit 8-to-1 multiplexer for signal <Y> created at line 33.
    Summary:
	inferred   1 Multiplexer(s).
Unit <ad_mux> synthesized.

Synthesizing Unit <hexto7segment>.
    Related source file is "C:\Users\Jesus\Documents\Xilinx_Files\CPU\CPU_Execution_Unit\hexto7segment.v".
    Found 16x7-bit Read Only RAM for signal <disp>
    Summary:
	inferred   1 RAM(s).
Unit <hexto7segment> synthesized.

=========================================================================
HDL Synthesis Report

Macro Statistics
# RAMs                                                 : 1
 16x7-bit single-port Read Only RAM                    : 1
# Adders/Subtractors                                   : 10
 16-bit adder                                          : 2
 17-bit adder                                          : 2
 17-bit subtractor                                     : 3
 32-bit adder                                          : 3
# Registers                                            : 36
 1-bit register                                        : 23
 16-bit register                                       : 10
 32-bit register                                       : 3
# Comparators                                          : 3
 32-bit comparator greater                             : 3
# Multiplexers                                         : 41
 1-bit 2-to-1 multiplexer                              : 34
 16-bit 15-to-1 multiplexer                            : 1
 16-bit 2-to-1 multiplexer                             : 2
 32-bit 2-to-1 multiplexer                             : 3
 4-bit 8-to-1 multiplexer                              : 1
# Tristates                                            : 256
 1-bit tristate buffer                                 : 256
# FSMs                                                 : 1
# Xors                                                 : 1
 16-bit xor2                                           : 1

=========================================================================

=========================================================================
*                       Advanced HDL Synthesis                          *
=========================================================================

Reading core <ipcore_dir/ram_256x16.ngc>.
Loading core <ram_256x16> for timing and area information for instance <main_memory>.
WARNING:Xst:2677 - Node <Q_9> of sequential type is unconnected in block <IR>.
WARNING:Xst:2677 - Node <Q_10> of sequential type is unconnected in block <IR>.
WARNING:Xst:2677 - Node <Q_11> of sequential type is unconnected in block <IR>.

Synthesizing (advanced) Unit <hexto7segment>.
INFO:Xst:3218 - HDL ADVISOR - The RAM <Mram_disp> will be implemented on LUTs either because you have described an asynchronous read or because of currently unsupported block RAM features. If you have described an asynchronous read, making it synchronous would allow you to take advantage of available block RAM resources, for optimized device usage and improved timings. Please refer to your documentation for coding guidelines.
    -----------------------------------------------------------------------
    | ram_type           | Distributed                         |          |
    -----------------------------------------------------------------------
    | Port A                                                              |
    |     aspect ratio   | 16-word x 7-bit                     |          |
    |     weA            | connected to signal <GND>           | high     |
    |     addrA          | connected to signal <Q>             |          |
    |     diA            | connected to signal <GND>           |          |
    |     doA            | connected to signal <disp>          |          |
    -----------------------------------------------------------------------
Unit <hexto7segment> synthesized (advanced).

Synthesizing (advanced) Unit <pixel_clk>.
The following registers are absorbed into counter <i>: 1 register on signal <i>.
Unit <pixel_clk> synthesized (advanced).

=========================================================================
Advanced HDL Synthesis Report

Macro Statistics
# RAMs                                                 : 1
 16x7-bit single-port distributed Read Only RAM        : 1
# Adders/Subtractors                                   : 9
 16-bit adder                                          : 2
 17-bit adder                                          : 2
 17-bit subtractor                                     : 3
 32-bit adder                                          : 2
# Counters                                             : 1
 32-bit up counter                                     : 1
# Registers                                            : 247
 Flip-Flops                                            : 247
# Comparators                                          : 3
 32-bit comparator greater                             : 3
# Multiplexers                                         : 40
 1-bit 2-to-1 multiplexer                              : 34
 16-bit 15-to-1 multiplexer                            : 1
 16-bit 2-to-1 multiplexer                             : 2
 32-bit 2-to-1 multiplexer                             : 2
 4-bit 8-to-1 multiplexer                              : 1
# FSMs                                                 : 1
# Xors                                                 : 1
 16-bit xor2                                           : 1

=========================================================================

=========================================================================
*                         Low Level Synthesis                           *
=========================================================================
Analyzing FSM <MFsm> for best encoding.
Optimizing FSM <FSM_0> on signal <present_state[1:8]> with one-hot encoding.
-------------------
 State | Encoding
-------------------
 000   | 00000001
 001   | 00000010
 010   | 00000100
 011   | 00001000
 100   | 00010000
 101   | 00100000
 110   | 01000000
 111   | 10000000
-------------------
WARNING:Xst:1989 - Unit <top_level_lab7>: instances <mem_w_enable/clk500>, <step/clk500> of unit <clk_500Hz> are equivalent, second instance is removed
WARNING:Xst:2040 - Unit Register_File: 32 multi-source signals are replaced by logic (pull-up yes): R<0>, R<10>, R<11>, R<12>, R<13>, R<14>, R<15>, R<1>, R<2>, R<3>, R<4>, R<5>, R<6>, R<7>, R<8>, R<9>, S<0>, S<10>, S<11>, S<12>, S<13>, S<14>, S<15>, S<1>, S<2>, S<3>, S<4>, S<5>, S<6>, S<7>, S<8>, S<9>.

Optimizing unit <top_level_lab7> ...

Optimizing unit <clk_500Hz> ...

Optimizing unit <one_shot> ...

Optimizing unit <Register_File> ...

Optimizing unit <alu16> ...

Optimizing unit <reg16_L_Inc> ...
WARNING:Xst:2677 - Node <execution_unit/IR/Q_11> of sequential type is unconnected in block <top_level_lab7>.
WARNING:Xst:2677 - Node <execution_unit/IR/Q_10> of sequential type is unconnected in block <top_level_lab7>.
WARNING:Xst:2677 - Node <execution_unit/IR/Q_9> of sequential type is unconnected in block <top_level_lab7>.
WARNING:Xst:1710 - FF/Latch <mem_w_enable/clk500/i_17> (without init value) has a constant value of 0 in block <top_level_lab7>. This FF/Latch will be trimmed during the optimization process.
WARNING:Xst:1895 - Due to other FF/Latch trimming, FF/Latch <mem_w_enable/clk500/i_18> (without init value) has a constant value of 0 in block <top_level_lab7>. This FF/Latch will be trimmed during the optimization process.
WARNING:Xst:1895 - Due to other FF/Latch trimming, FF/Latch <mem_w_enable/clk500/i_19> (without init value) has a constant value of 0 in block <top_level_lab7>. This FF/Latch will be trimmed during the optimization process.
WARNING:Xst:1895 - Due to other FF/Latch trimming, FF/Latch <mem_w_enable/clk500/i_20> (without init value) has a constant value of 0 in block <top_level_lab7>. This FF/Latch will be trimmed during the optimization process.
WARNING:Xst:1895 - Due to other FF/Latch trimming, FF/Latch <mem_w_enable/clk500/i_21> (without init value) has a constant value of 0 in block <top_level_lab7>. This FF/Latch will be trimmed during the optimization process.
WARNING:Xst:1895 - Due to other FF/Latch trimming, FF/Latch <mem_w_enable/clk500/i_22> (without init value) has a constant value of 0 in block <top_level_lab7>. This FF/Latch will be trimmed during the optimization process.
WARNING:Xst:1895 - Due to other FF/Latch trimming, FF/Latch <mem_w_enable/clk500/i_23> (without init value) has a constant value of 0 in block <top_level_lab7>. This FF/Latch will be trimmed during the optimization process.
WARNING:Xst:1895 - Due to other FF/Latch trimming, FF/Latch <mem_w_enable/clk500/i_24> (without init value) has a constant value of 0 in block <top_level_lab7>. This FF/Latch will be trimmed during the optimization process.
WARNING:Xst:1895 - Due to other FF/Latch trimming, FF/Latch <mem_w_enable/clk500/i_25> (without init value) has a constant value of 0 in block <top_level_lab7>. This FF/Latch will be trimmed during the optimization process.
WARNING:Xst:1895 - Due to other FF/Latch trimming, FF/Latch <mem_w_enable/clk500/i_26> (without init value) has a constant value of 0 in block <top_level_lab7>. This FF/Latch will be trimmed during the optimization process.
WARNING:Xst:1895 - Due to other FF/Latch trimming, FF/Latch <mem_w_enable/clk500/i_27> (without init value) has a constant value of 0 in block <top_level_lab7>. This FF/Latch will be trimmed during the optimization process.
WARNING:Xst:1895 - Due to other FF/Latch trimming, FF/Latch <mem_w_enable/clk500/i_28> (without init value) has a constant value of 0 in block <top_level_lab7>. This FF/Latch will be trimmed during the optimization process.
WARNING:Xst:1895 - Due to other FF/Latch trimming, FF/Latch <mem_w_enable/clk500/i_29> (without init value) has a constant value of 0 in block <top_level_lab7>. This FF/Latch will be trimmed during the optimization process.
WARNING:Xst:1895 - Due to other FF/Latch trimming, FF/Latch <mem_w_enable/clk500/i_30> (without init value) has a constant value of 0 in block <top_level_lab7>. This FF/Latch will be trimmed during the optimization process.
WARNING:Xst:1895 - Due to other FF/Latch trimming, FF/Latch <mem_w_enable/clk500/i_31> (without init value) has a constant value of 0 in block <top_level_lab7>. This FF/Latch will be trimmed during the optimization process.
WARNING:Xst:1896 - Due to other FF/Latch trimming, FF/Latch <disp/pxl/i_31> has a constant value of 0 in block <top_level_lab7>. This FF/Latch will be trimmed during the optimization process.
WARNING:Xst:1896 - Due to other FF/Latch trimming, FF/Latch <disp/pxl/i_30> has a constant value of 0 in block <top_level_lab7>. This FF/Latch will be trimmed during the optimization process.
WARNING:Xst:1896 - Due to other FF/Latch trimming, FF/Latch <disp/pxl/i_29> has a constant value of 0 in block <top_level_lab7>. This FF/Latch will be trimmed during the optimization process.
WARNING:Xst:1896 - Due to other FF/Latch trimming, FF/Latch <disp/pxl/i_28> has a constant value of 0 in block <top_level_lab7>. This FF/Latch will be trimmed during the optimization process.
WARNING:Xst:1896 - Due to other FF/Latch trimming, FF/Latch <disp/pxl/i_27> has a constant value of 0 in block <top_level_lab7>. This FF/Latch will be trimmed during the optimization process.
WARNING:Xst:1896 - Due to other FF/Latch trimming, FF/Latch <disp/pxl/i_26> has a constant value of 0 in block <top_level_lab7>. This FF/Latch will be trimmed during the optimization process.
WARNING:Xst:1896 - Due to other FF/Latch trimming, FF/Latch <disp/pxl/i_25> has a constant value of 0 in block <top_level_lab7>. This FF/Latch will be trimmed during the optimization process.
WARNING:Xst:1896 - Due to other FF/Latch trimming, FF/Latch <disp/pxl/i_24> has a constant value of 0 in block <top_level_lab7>. This FF/Latch will be trimmed during the optimization process.
WARNING:Xst:1896 - Due to other FF/Latch trimming, FF/Latch <disp/pxl/i_23> has a constant value of 0 in block <top_level_lab7>. This FF/Latch will be trimmed during the optimization process.
WARNING:Xst:1896 - Due to other FF/Latch trimming, FF/Latch <disp/pxl/i_22> has a constant value of 0 in block <top_level_lab7>. This FF/Latch will be trimmed during the optimization process.
WARNING:Xst:1896 - Due to other FF/Latch trimming, FF/Latch <disp/pxl/i_21> has a constant value of 0 in block <top_level_lab7>. This FF/Latch will be trimmed during the optimization process.
WARNING:Xst:1896 - Due to other FF/Latch trimming, FF/Latch <disp/pxl/i_20> has a constant value of 0 in block <top_level_lab7>. This FF/Latch will be trimmed during the optimization process.
WARNING:Xst:1896 - Due to other FF/Latch trimming, FF/Latch <disp/pxl/i_19> has a constant value of 0 in block <top_level_lab7>. This FF/Latch will be trimmed during the optimization process.
WARNING:Xst:1896 - Due to other FF/Latch trimming, FF/Latch <disp/pxl/i_18> has a constant value of 0 in block <top_level_lab7>. This FF/Latch will be trimmed during the optimization process.
WARNING:Xst:1896 - Due to other FF/Latch trimming, FF/Latch <disp/pxl/i_17> has a constant value of 0 in block <top_level_lab7>. This FF/Latch will be trimmed during the optimization process.
INFO:Xst:2261 - The FF/Latch <disp/pxl/i_0> in Unit <top_level_lab7> is equivalent to the following FF/Latch, which will be removed : <mem_w_enable/clk500/i_0> 
INFO:Xst:2261 - The FF/Latch <disp/pxl/i_1> in Unit <top_level_lab7> is equivalent to the following FF/Latch, which will be removed : <mem_w_enable/clk500/i_1> 
INFO:Xst:2261 - The FF/Latch <disp/pxl/i_2> in Unit <top_level_lab7> is equivalent to the following FF/Latch, which will be removed : <mem_w_enable/clk500/i_2> 

Mapping all equations...
Building and optimizing final netlist ...
Found area constraint ratio of 100 (+ 5) on block top_level_lab7, actual ratio is 1.

Final Macro Processing ...

=========================================================================
Final Register Report

Macro Statistics
# Registers                                            : 218
 Flip-Flops                                            : 218

=========================================================================

=========================================================================
*                           Partition Report                            *
=========================================================================

Partition Implementation Status
-------------------------------

  No Partitions were found in this design.

-------------------------------

=========================================================================
*                            Design Summary                             *
=========================================================================

Top Level Output File Name         : top_level_lab7.ngc

Primitive and Black Box Usage:
------------------------------
# BELS                             : 726
#      GND                         : 2
#      INV                         : 13
#      LUT1                        : 31
#      LUT2                        : 35
#      LUT3                        : 25
#      LUT4                        : 38
#      LUT5                        : 105
#      LUT6                        : 197
#      MUXCY                       : 141
#      MUXF7                       : 6
#      VCC                         : 2
#      XORCY                       : 131
# FlipFlops/Latches                : 218
#      FDC                         : 87
#      FDCE                        : 130
#      FDP                         : 1
# RAMS                             : 1
#      RAMB18E1                    : 1
# Clock Buffers                    : 3
#      BUFG                        : 2
#      BUFGP                       : 1
# IO Buffers                       : 27
#      IBUF                        : 9
#      OBUF                        : 18

Device utilization summary:
---------------------------

Selected Device : 7a100tcsg324-3 


Slice Logic Utilization: 
 Number of Slice Registers:             218  out of  126800     0%  
 Number of Slice LUTs:                  444  out of  63400     0%  
    Number used as Logic:               444  out of  63400     0%  

Slice Logic Distribution: 
 Number of LUT Flip Flop pairs used:    551
   Number with an unused Flip Flop:     333  out of    551    60%  
   Number with an unused LUT:           107  out of    551    19%  
   Number of fully used LUT-FF pairs:   111  out of    551    20%  
   Number of unique control sets:        14

IO Utilization: 
 Number of IOs:                          28
 Number of bonded IOBs:                  28  out of    210    13%  

Specific Feature Utilization:
 Number of Block RAM/FIFO:                1  out of    135     0%  
    Number using Block RAM only:          1
 Number of BUFG/BUFGCTRLs:                3  out of     32     9%  

---------------------------
Partition Resource Summary:
---------------------------

  No Partitions were found in this design.

---------------------------


=========================================================================
Timing Report

NOTE: THESE TIMING NUMBERS ARE ONLY A SYNTHESIS ESTIMATE.
      FOR ACCURATE TIMING INFORMATION PLEASE REFER TO THE TRACE REPORT
      GENERATED AFTER PLACE-and-ROUTE.

Clock Information:
------------------
-----------------------------------+-----------------------------------------------+-------+
Clock Signal                       | Clock buffer(FF name)                         | Load  |
-----------------------------------+-----------------------------------------------+-------+
clk                                | BUFGP                                         | 34    |
disp/pxl/clk_out                   | NONE(disp/main_control/present_state_FSM_FFd7)| 8     |
mem_w_enable/clk500/clk_out        | BUFG                                          | 20    |
step_clk_out(step/regclk/Dout:O)   | BUFG(*)(execution_unit/idp/regfile/R7/Dout_0) | 157   |
-----------------------------------+-----------------------------------------------+-------+
(*) This 1 clock signal(s) are generated by combinatorial logic,
and XST is not able to identify which are the primary clock signals.
Please use the CLOCK_SIGNAL constraint to specify the clock signal(s) generated by combinatorial logic.
INFO:Xst:2169 - HDL ADVISOR - Some clock signals were not automatically buffered by XST with BUFG/BUFR resources. Please use the buffer_type constraint in order to insert these buffers to the clock signals to help prevent skew problems.

Asynchronous Control Signals Information:
----------------------------------------
No asynchronous control signals found in this design

Timing Summary:
---------------
Speed Grade: -3

   Minimum period: 5.223ns (Maximum Frequency: 191.468MHz)
   Minimum input arrival time before clock: 3.854ns
   Maximum output required time after clock: 6.337ns
   Maximum combinational path delay: 4.940ns

Timing Details:
---------------
All values displayed in nanoseconds (ns)

=========================================================================
Timing constraint: Default period analysis for Clock 'clk'
  Clock period: 5.223ns (frequency: 191.468MHz)
  Total number of paths / destination ports: 10603 / 51
-------------------------------------------------------------------------
Delay:               5.223ns (Levels of Logic = 20)
  Source:            main_memory/main_memory/U0/xst_blk_mem_generator/gnativebmg.native_blk_mem_gen/valid.cstr/ramloop[0].ram.r/v6_init.ram/NO_BMM_INFO.SP.WIDE_PRIM18.ram (RAM)
  Destination:       main_memory/main_memory/U0/xst_blk_mem_generator/gnativebmg.native_blk_mem_gen/valid.cstr/ramloop[0].ram.r/v6_init.ram/NO_BMM_INFO.SP.WIDE_PRIM18.ram (RAM)
  Source Clock:      clk rising
  Destination Clock: clk rising

  Data Path: main_memory/main_memory/U0/xst_blk_mem_generator/gnativebmg.native_blk_mem_gen/valid.cstr/ramloop[0].ram.r/v6_init.ram/NO_BMM_INFO.SP.WIDE_PRIM18.ram to main_memory/main_memory/U0/xst_blk_mem_generator/gnativebmg.native_blk_mem_gen/valid.cstr/ramloop[0].ram.r/v6_init.ram/NO_BMM_INFO.SP.WIDE_PRIM18.ram
                                Gate     Net
    Cell:in->out      fanout   Delay   Delay  Logical Name (Net Name)
    ----------------------------------------  ------------
     RAMB18E1:CLKARDCLK->DOADO0    7   1.846   0.323  U0/xst_blk_mem_generator/gnativebmg.native_blk_mem_gen/valid.cstr/ramloop[0].ram.r/v6_init.ram/NO_BMM_INFO.SP.WIDE_PRIM18.ram (douta<0>)
     end scope: 'main_memory/main_memory:douta<0>'
     LUT5:I4->O            1   0.097   0.000  execution_unit/idp/ALU/Msub_GND_39_o_GND_39_o_sub_9_OUT_lut<0>1 (execution_unit/idp/ALU/Msub_GND_39_o_GND_39_o_sub_9_OUT_lut<0>1)
     MUXCY:S->O            1   0.353   0.000  execution_unit/idp/ALU/Msub_GND_39_o_GND_39_o_sub_9_OUT_cy<0> (execution_unit/idp/ALU/Msub_GND_39_o_GND_39_o_sub_9_OUT_cy<0>)
     MUXCY:CI->O           1   0.023   0.000  execution_unit/idp/ALU/Msub_GND_39_o_GND_39_o_sub_9_OUT_cy<1> (execution_unit/idp/ALU/Msub_GND_39_o_GND_39_o_sub_9_OUT_cy<1>)
     MUXCY:CI->O           1   0.023   0.000  execution_unit/idp/ALU/Msub_GND_39_o_GND_39_o_sub_9_OUT_cy<2> (execution_unit/idp/ALU/Msub_GND_39_o_GND_39_o_sub_9_OUT_cy<2>)
     MUXCY:CI->O           1   0.023   0.000  execution_unit/idp/ALU/Msub_GND_39_o_GND_39_o_sub_9_OUT_cy<3> (execution_unit/idp/ALU/Msub_GND_39_o_GND_39_o_sub_9_OUT_cy<3>)
     MUXCY:CI->O           1   0.023   0.000  execution_unit/idp/ALU/Msub_GND_39_o_GND_39_o_sub_9_OUT_cy<4> (execution_unit/idp/ALU/Msub_GND_39_o_GND_39_o_sub_9_OUT_cy<4>)
     MUXCY:CI->O           1   0.023   0.000  execution_unit/idp/ALU/Msub_GND_39_o_GND_39_o_sub_9_OUT_cy<5> (execution_unit/idp/ALU/Msub_GND_39_o_GND_39_o_sub_9_OUT_cy<5>)
     MUXCY:CI->O           1   0.023   0.000  execution_unit/idp/ALU/Msub_GND_39_o_GND_39_o_sub_9_OUT_cy<6> (execution_unit/idp/ALU/Msub_GND_39_o_GND_39_o_sub_9_OUT_cy<6>)
     MUXCY:CI->O           1   0.023   0.000  execution_unit/idp/ALU/Msub_GND_39_o_GND_39_o_sub_9_OUT_cy<7> (execution_unit/idp/ALU/Msub_GND_39_o_GND_39_o_sub_9_OUT_cy<7>)
     MUXCY:CI->O           1   0.023   0.000  execution_unit/idp/ALU/Msub_GND_39_o_GND_39_o_sub_9_OUT_cy<8> (execution_unit/idp/ALU/Msub_GND_39_o_GND_39_o_sub_9_OUT_cy<8>)
     MUXCY:CI->O           1   0.023   0.000  execution_unit/idp/ALU/Msub_GND_39_o_GND_39_o_sub_9_OUT_cy<9> (execution_unit/idp/ALU/Msub_GND_39_o_GND_39_o_sub_9_OUT_cy<9>)
     MUXCY:CI->O           1   0.023   0.000  execution_unit/idp/ALU/Msub_GND_39_o_GND_39_o_sub_9_OUT_cy<10> (execution_unit/idp/ALU/Msub_GND_39_o_GND_39_o_sub_9_OUT_cy<10>)
     MUXCY:CI->O           1   0.023   0.000  execution_unit/idp/ALU/Msub_GND_39_o_GND_39_o_sub_9_OUT_cy<11> (execution_unit/idp/ALU/Msub_GND_39_o_GND_39_o_sub_9_OUT_cy<11>)
     MUXCY:CI->O           1   0.023   0.000  execution_unit/idp/ALU/Msub_GND_39_o_GND_39_o_sub_9_OUT_cy<12> (execution_unit/idp/ALU/Msub_GND_39_o_GND_39_o_sub_9_OUT_cy<12>)
     MUXCY:CI->O           1   0.023   0.000  execution_unit/idp/ALU/Msub_GND_39_o_GND_39_o_sub_9_OUT_cy<13> (execution_unit/idp/ALU/Msub_GND_39_o_GND_39_o_sub_9_OUT_cy<13>)
     MUXCY:CI->O           1   0.023   0.000  execution_unit/idp/ALU/Msub_GND_39_o_GND_39_o_sub_9_OUT_cy<14> (execution_unit/idp/ALU/Msub_GND_39_o_GND_39_o_sub_9_OUT_cy<14>)
     XORCY:CI->O           1   0.370   0.295  execution_unit/idp/ALU/Msub_GND_39_o_GND_39_o_sub_9_OUT_xor<15> (execution_unit/idp/ALU/GND_39_o_GND_39_o_sub_9_OUT<15>)
     LUT4:I3->O            2   0.097   0.515  execution_unit/idp/ALU/Alu_Op<3>_85 (execution_unit/idp/ALU/Alu_Op<3>_85)
     LUT6:I3->O           12   0.097   0.330  execution_unit/idp/ALU/Alu_Op<3>61 (N_OBUF)
     begin scope: 'main_memory/main_memory:dina<15>'
     RAMB18E1:DIBDI11          0.577          U0/xst_blk_mem_generator/gnativebmg.native_blk_mem_gen/valid.cstr/ramloop[0].ram.r/v6_init.ram/NO_BMM_INFO.SP.WIDE_PRIM18.ram
    ----------------------------------------
    Total                      5.223ns (3.759ns logic, 1.464ns route)
                                       (72.0% logic, 28.0% route)

=========================================================================
Timing constraint: Default period analysis for Clock 'disp/pxl/clk_out'
  Clock period: 0.690ns (frequency: 1450.116MHz)
  Total number of paths / destination ports: 8 / 8
-------------------------------------------------------------------------
Delay:               0.690ns (Levels of Logic = 0)
  Source:            disp/main_control/present_state_FSM_FFd4 (FF)
  Destination:       disp/main_control/present_state_FSM_FFd3 (FF)
  Source Clock:      disp/pxl/clk_out rising
  Destination Clock: disp/pxl/clk_out rising

  Data Path: disp/main_control/present_state_FSM_FFd4 to disp/main_control/present_state_FSM_FFd3
                                Gate     Net
    Cell:in->out      fanout   Delay   Delay  Logical Name (Net Name)
    ----------------------------------------  ------------
     FDC:C->Q             10   0.361   0.321  disp/main_control/present_state_FSM_FFd4 (disp/main_control/present_state_FSM_FFd4)
     FDC:D                     0.008          disp/main_control/present_state_FSM_FFd3
    ----------------------------------------
    Total                      0.690ns (0.369ns logic, 0.321ns route)
                                       (53.5% logic, 46.5% route)

=========================================================================
Timing constraint: Default period analysis for Clock 'mem_w_enable/clk500/clk_out'
  Clock period: 0.653ns (frequency: 1532.567MHz)
  Total number of paths / destination ports: 18 / 18
-------------------------------------------------------------------------
Delay:               0.653ns (Levels of Logic = 0)
  Source:            step/regclk/q8 (FF)
  Destination:       step/regclk/q9 (FF)
  Source Clock:      mem_w_enable/clk500/clk_out rising
  Destination Clock: mem_w_enable/clk500/clk_out rising

  Data Path: step/regclk/q8 to step/regclk/q9
                                Gate     Net
    Cell:in->out      fanout   Delay   Delay  Logical Name (Net Name)
    ----------------------------------------  ------------
     FDC:C->Q              2   0.361   0.283  step/regclk/q8 (step/regclk/q8)
     FDC:D                     0.008          step/regclk/q9
    ----------------------------------------
    Total                      0.653ns (0.369ns logic, 0.283ns route)
                                       (56.6% logic, 43.4% route)

=========================================================================
Timing constraint: Default period analysis for Clock 'step_clk_out'
  Clock period: 4.796ns (frequency: 208.526MHz)
  Total number of paths / destination ports: 154323 / 285
-------------------------------------------------------------------------
Delay:               4.796ns (Levels of Logic = 22)
  Source:            execution_unit/IR/Q_4 (FF)
  Destination:       execution_unit/PC/Q_15 (FF)
  Source Clock:      step_clk_out rising
  Destination Clock: step_clk_out rising

  Data Path: execution_unit/IR/Q_4 to execution_unit/PC/Q_15
                                Gate     Net
    Cell:in->out      fanout   Delay   Delay  Logical Name (Net Name)
    ----------------------------------------  ------------
     FDC:C->Q             43   0.361   0.802  execution_unit/IR/Q_4 (execution_unit/IR/Q_4)
     LUT6:I0->O            1   0.097   0.000  execution_unit/idp/regfile/R<0>LogicTrst3_G (N13)
     MUXF7:I1->O           4   0.279   0.707  execution_unit/idp/regfile/R<0>LogicTrst3 (execution_unit/reg_out<0>)
     LUT6:I0->O            1   0.097   0.000  execution_unit/idp/ALU/Madd_n0036_lut<0>1 (execution_unit/idp/ALU/Madd_n0036_lut<0>1)
     MUXCY:S->O            1   0.353   0.000  execution_unit/idp/ALU/Madd_n0036_cy<0> (execution_unit/idp/ALU/Madd_n0036_cy<0>)
     MUXCY:CI->O           1   0.023   0.000  execution_unit/idp/ALU/Madd_n0036_cy<1> (execution_unit/idp/ALU/Madd_n0036_cy<1>)
     MUXCY:CI->O           1   0.023   0.000  execution_unit/idp/ALU/Madd_n0036_cy<2> (execution_unit/idp/ALU/Madd_n0036_cy<2>)
     MUXCY:CI->O           1   0.023   0.000  execution_unit/idp/ALU/Madd_n0036_cy<3> (execution_unit/idp/ALU/Madd_n0036_cy<3>)
     MUXCY:CI->O           1   0.023   0.000  execution_unit/idp/ALU/Madd_n0036_cy<4> (execution_unit/idp/ALU/Madd_n0036_cy<4>)
     MUXCY:CI->O           1   0.023   0.000  execution_unit/idp/ALU/Madd_n0036_cy<5> (execution_unit/idp/ALU/Madd_n0036_cy<5>)
     MUXCY:CI->O           1   0.023   0.000  execution_unit/idp/ALU/Madd_n0036_cy<6> (execution_unit/idp/ALU/Madd_n0036_cy<6>)
     MUXCY:CI->O           1   0.023   0.000  execution_unit/idp/ALU/Madd_n0036_cy<7> (execution_unit/idp/ALU/Madd_n0036_cy<7>)
     MUXCY:CI->O           1   0.023   0.000  execution_unit/idp/ALU/Madd_n0036_cy<8> (execution_unit/idp/ALU/Madd_n0036_cy<8>)
     MUXCY:CI->O           1   0.023   0.000  execution_unit/idp/ALU/Madd_n0036_cy<9> (execution_unit/idp/ALU/Madd_n0036_cy<9>)
     MUXCY:CI->O           1   0.023   0.000  execution_unit/idp/ALU/Madd_n0036_cy<10> (execution_unit/idp/ALU/Madd_n0036_cy<10>)
     MUXCY:CI->O           1   0.023   0.000  execution_unit/idp/ALU/Madd_n0036_cy<11> (execution_unit/idp/ALU/Madd_n0036_cy<11>)
     MUXCY:CI->O           1   0.023   0.000  execution_unit/idp/ALU/Madd_n0036_cy<12> (execution_unit/idp/ALU/Madd_n0036_cy<12>)
     MUXCY:CI->O           1   0.023   0.000  execution_unit/idp/ALU/Madd_n0036_cy<13> (execution_unit/idp/ALU/Madd_n0036_cy<13>)
     MUXCY:CI->O           1   0.023   0.000  execution_unit/idp/ALU/Madd_n0036_cy<14> (execution_unit/idp/ALU/Madd_n0036_cy<14>)
     XORCY:CI->O           1   0.370   0.379  execution_unit/idp/ALU/Madd_n0036_xor<15> (execution_unit/idp/ALU/n0036<15>)
     LUT5:I3->O            2   0.097   0.383  execution_unit/idp/ALU/Alu_Op<3>_710 (execution_unit/idp/ALU/Alu_Op<3>_710)
     LUT6:I4->O           12   0.097   0.346  execution_unit/idp/ALU/Alu_Op<3>61 (N_OBUF)
     LUT5:I4->O            1   0.097   0.000  execution_unit/PC/ld_D[15]_select_4_OUT<15>1 (execution_unit/PC/ld_D[15]_select_4_OUT<15>)
     FDC:D                     0.008          execution_unit/PC/Q_15
    ----------------------------------------
    Total                      4.796ns (2.178ns logic, 2.618ns route)
                                       (45.4% logic, 54.6% route)

=========================================================================
Timing constraint: Default OFFSET IN BEFORE for Clock 'clk'
  Total number of paths / destination ports: 807 / 65
-------------------------------------------------------------------------
Offset:              3.854ns (Levels of Logic = 21)
  Source:            s_sel (PAD)
  Destination:       main_memory/main_memory/U0/xst_blk_mem_generator/gnativebmg.native_blk_mem_gen/valid.cstr/ramloop[0].ram.r/v6_init.ram/NO_BMM_INFO.SP.WIDE_PRIM18.ram (RAM)
  Destination Clock: clk rising

  Data Path: s_sel to main_memory/main_memory/U0/xst_blk_mem_generator/gnativebmg.native_blk_mem_gen/valid.cstr/ramloop[0].ram.r/v6_init.ram/NO_BMM_INFO.SP.WIDE_PRIM18.ram
                                Gate     Net
    Cell:in->out      fanout   Delay   Delay  Logical Name (Net Name)
    ----------------------------------------  ------------
     IBUF:I->O            96   0.001   0.800  s_sel_IBUF (s_sel_IBUF)
     LUT5:I0->O            1   0.097   0.000  execution_unit/idp/ALU/Msub_GND_39_o_GND_39_o_sub_9_OUT_lut<0>1 (execution_unit/idp/ALU/Msub_GND_39_o_GND_39_o_sub_9_OUT_lut<0>1)
     MUXCY:S->O            1   0.353   0.000  execution_unit/idp/ALU/Msub_GND_39_o_GND_39_o_sub_9_OUT_cy<0> (execution_unit/idp/ALU/Msub_GND_39_o_GND_39_o_sub_9_OUT_cy<0>)
     MUXCY:CI->O           1   0.023   0.000  execution_unit/idp/ALU/Msub_GND_39_o_GND_39_o_sub_9_OUT_cy<1> (execution_unit/idp/ALU/Msub_GND_39_o_GND_39_o_sub_9_OUT_cy<1>)
     MUXCY:CI->O           1   0.023   0.000  execution_unit/idp/ALU/Msub_GND_39_o_GND_39_o_sub_9_OUT_cy<2> (execution_unit/idp/ALU/Msub_GND_39_o_GND_39_o_sub_9_OUT_cy<2>)
     MUXCY:CI->O           1   0.023   0.000  execution_unit/idp/ALU/Msub_GND_39_o_GND_39_o_sub_9_OUT_cy<3> (execution_unit/idp/ALU/Msub_GND_39_o_GND_39_o_sub_9_OUT_cy<3>)
     MUXCY:CI->O           1   0.023   0.000  execution_unit/idp/ALU/Msub_GND_39_o_GND_39_o_sub_9_OUT_cy<4> (execution_unit/idp/ALU/Msub_GND_39_o_GND_39_o_sub_9_OUT_cy<4>)
     MUXCY:CI->O           1   0.023   0.000  execution_unit/idp/ALU/Msub_GND_39_o_GND_39_o_sub_9_OUT_cy<5> (execution_unit/idp/ALU/Msub_GND_39_o_GND_39_o_sub_9_OUT_cy<5>)
     MUXCY:CI->O           1   0.023   0.000  execution_unit/idp/ALU/Msub_GND_39_o_GND_39_o_sub_9_OUT_cy<6> (execution_unit/idp/ALU/Msub_GND_39_o_GND_39_o_sub_9_OUT_cy<6>)
     MUXCY:CI->O           1   0.023   0.000  execution_unit/idp/ALU/Msub_GND_39_o_GND_39_o_sub_9_OUT_cy<7> (execution_unit/idp/ALU/Msub_GND_39_o_GND_39_o_sub_9_OUT_cy<7>)
     MUXCY:CI->O           1   0.023   0.000  execution_unit/idp/ALU/Msub_GND_39_o_GND_39_o_sub_9_OUT_cy<8> (execution_unit/idp/ALU/Msub_GND_39_o_GND_39_o_sub_9_OUT_cy<8>)
     MUXCY:CI->O           1   0.023   0.000  execution_unit/idp/ALU/Msub_GND_39_o_GND_39_o_sub_9_OUT_cy<9> (execution_unit/idp/ALU/Msub_GND_39_o_GND_39_o_sub_9_OUT_cy<9>)
     MUXCY:CI->O           1   0.023   0.000  execution_unit/idp/ALU/Msub_GND_39_o_GND_39_o_sub_9_OUT_cy<10> (execution_unit/idp/ALU/Msub_GND_39_o_GND_39_o_sub_9_OUT_cy<10>)
     MUXCY:CI->O           1   0.023   0.000  execution_unit/idp/ALU/Msub_GND_39_o_GND_39_o_sub_9_OUT_cy<11> (execution_unit/idp/ALU/Msub_GND_39_o_GND_39_o_sub_9_OUT_cy<11>)
     MUXCY:CI->O           1   0.023   0.000  execution_unit/idp/ALU/Msub_GND_39_o_GND_39_o_sub_9_OUT_cy<12> (execution_unit/idp/ALU/Msub_GND_39_o_GND_39_o_sub_9_OUT_cy<12>)
     MUXCY:CI->O           1   0.023   0.000  execution_unit/idp/ALU/Msub_GND_39_o_GND_39_o_sub_9_OUT_cy<13> (execution_unit/idp/ALU/Msub_GND_39_o_GND_39_o_sub_9_OUT_cy<13>)
     MUXCY:CI->O           1   0.023   0.000  execution_unit/idp/ALU/Msub_GND_39_o_GND_39_o_sub_9_OUT_cy<14> (execution_unit/idp/ALU/Msub_GND_39_o_GND_39_o_sub_9_OUT_cy<14>)
     XORCY:CI->O           1   0.370   0.295  execution_unit/idp/ALU/Msub_GND_39_o_GND_39_o_sub_9_OUT_xor<15> (execution_unit/idp/ALU/GND_39_o_GND_39_o_sub_9_OUT<15>)
     LUT4:I3->O            2   0.097   0.515  execution_unit/idp/ALU/Alu_Op<3>_85 (execution_unit/idp/ALU/Alu_Op<3>_85)
     LUT6:I3->O           12   0.097   0.330  execution_unit/idp/ALU/Alu_Op<3>61 (N_OBUF)
     begin scope: 'main_memory/main_memory:dina<15>'
     RAMB18E1:DIBDI11          0.577          U0/xst_blk_mem_generator/gnativebmg.native_blk_mem_gen/valid.cstr/ramloop[0].ram.r/v6_init.ram/NO_BMM_INFO.SP.WIDE_PRIM18.ram
    ----------------------------------------
    Total                      3.854ns (1.914ns logic, 1.940ns route)
                                       (49.7% logic, 50.3% route)

=========================================================================
Timing constraint: Default OFFSET IN BEFORE for Clock 'disp/pxl/clk_out'
  Total number of paths / destination ports: 8 / 8
-------------------------------------------------------------------------
Offset:              0.765ns (Levels of Logic = 1)
  Source:            reset (PAD)
  Destination:       disp/main_control/present_state_FSM_FFd7 (FF)
  Destination Clock: disp/pxl/clk_out rising

  Data Path: reset to disp/main_control/present_state_FSM_FFd7
                                Gate     Net
    Cell:in->out      fanout   Delay   Delay  Logical Name (Net Name)
    ----------------------------------------  ------------
     IBUF:I->O           218   0.001   0.415  reset_IBUF (reset_IBUF)
     FDC:CLR                   0.349          disp/main_control/present_state_FSM_FFd7
    ----------------------------------------
    Total                      0.765ns (0.350ns logic, 0.415ns route)
                                       (45.8% logic, 54.2% route)

=========================================================================
Timing constraint: Default OFFSET IN BEFORE for Clock 'mem_w_enable/clk500/clk_out'
  Total number of paths / destination ports: 22 / 22
-------------------------------------------------------------------------
Offset:              0.765ns (Levels of Logic = 1)
  Source:            reset (PAD)
  Destination:       step/regclk/q9 (FF)
  Destination Clock: mem_w_enable/clk500/clk_out rising

  Data Path: reset to step/regclk/q9
                                Gate     Net
    Cell:in->out      fanout   Delay   Delay  Logical Name (Net Name)
    ----------------------------------------  ------------
     IBUF:I->O           218   0.001   0.415  reset_IBUF (reset_IBUF)
     FDC:CLR                   0.349          step/regclk/q0
    ----------------------------------------
    Total                      0.765ns (0.350ns logic, 0.415ns route)
                                       (45.8% logic, 54.2% route)

=========================================================================
Timing constraint: Default OFFSET IN BEFORE for Clock 'step_clk_out'
  Total number of paths / destination ports: 7152 / 442
-------------------------------------------------------------------------
Offset:              3.398ns (Levels of Logic = 21)
  Source:            s_sel (PAD)
  Destination:       execution_unit/PC/Q_15 (FF)
  Destination Clock: step_clk_out rising

  Data Path: s_sel to execution_unit/PC/Q_15
                                Gate     Net
    Cell:in->out      fanout   Delay   Delay  Logical Name (Net Name)
    ----------------------------------------  ------------
     IBUF:I->O            96   0.001   0.800  s_sel_IBUF (s_sel_IBUF)
     LUT5:I0->O            1   0.097   0.000  execution_unit/idp/ALU/Msub_GND_39_o_GND_39_o_sub_9_OUT_lut<0>1 (execution_unit/idp/ALU/Msub_GND_39_o_GND_39_o_sub_9_OUT_lut<0>1)
     MUXCY:S->O            1   0.353   0.000  execution_unit/idp/ALU/Msub_GND_39_o_GND_39_o_sub_9_OUT_cy<0> (execution_unit/idp/ALU/Msub_GND_39_o_GND_39_o_sub_9_OUT_cy<0>)
     MUXCY:CI->O           1   0.023   0.000  execution_unit/idp/ALU/Msub_GND_39_o_GND_39_o_sub_9_OUT_cy<1> (execution_unit/idp/ALU/Msub_GND_39_o_GND_39_o_sub_9_OUT_cy<1>)
     MUXCY:CI->O           1   0.023   0.000  execution_unit/idp/ALU/Msub_GND_39_o_GND_39_o_sub_9_OUT_cy<2> (execution_unit/idp/ALU/Msub_GND_39_o_GND_39_o_sub_9_OUT_cy<2>)
     MUXCY:CI->O           1   0.023   0.000  execution_unit/idp/ALU/Msub_GND_39_o_GND_39_o_sub_9_OUT_cy<3> (execution_unit/idp/ALU/Msub_GND_39_o_GND_39_o_sub_9_OUT_cy<3>)
     MUXCY:CI->O           1   0.023   0.000  execution_unit/idp/ALU/Msub_GND_39_o_GND_39_o_sub_9_OUT_cy<4> (execution_unit/idp/ALU/Msub_GND_39_o_GND_39_o_sub_9_OUT_cy<4>)
     MUXCY:CI->O           1   0.023   0.000  execution_unit/idp/ALU/Msub_GND_39_o_GND_39_o_sub_9_OUT_cy<5> (execution_unit/idp/ALU/Msub_GND_39_o_GND_39_o_sub_9_OUT_cy<5>)
     MUXCY:CI->O           1   0.023   0.000  execution_unit/idp/ALU/Msub_GND_39_o_GND_39_o_sub_9_OUT_cy<6> (execution_unit/idp/ALU/Msub_GND_39_o_GND_39_o_sub_9_OUT_cy<6>)
     MUXCY:CI->O           1   0.023   0.000  execution_unit/idp/ALU/Msub_GND_39_o_GND_39_o_sub_9_OUT_cy<7> (execution_unit/idp/ALU/Msub_GND_39_o_GND_39_o_sub_9_OUT_cy<7>)
     MUXCY:CI->O           1   0.023   0.000  execution_unit/idp/ALU/Msub_GND_39_o_GND_39_o_sub_9_OUT_cy<8> (execution_unit/idp/ALU/Msub_GND_39_o_GND_39_o_sub_9_OUT_cy<8>)
     MUXCY:CI->O           1   0.023   0.000  execution_unit/idp/ALU/Msub_GND_39_o_GND_39_o_sub_9_OUT_cy<9> (execution_unit/idp/ALU/Msub_GND_39_o_GND_39_o_sub_9_OUT_cy<9>)
     MUXCY:CI->O           1   0.023   0.000  execution_unit/idp/ALU/Msub_GND_39_o_GND_39_o_sub_9_OUT_cy<10> (execution_unit/idp/ALU/Msub_GND_39_o_GND_39_o_sub_9_OUT_cy<10>)
     MUXCY:CI->O           1   0.023   0.000  execution_unit/idp/ALU/Msub_GND_39_o_GND_39_o_sub_9_OUT_cy<11> (execution_unit/idp/ALU/Msub_GND_39_o_GND_39_o_sub_9_OUT_cy<11>)
     MUXCY:CI->O           1   0.023   0.000  execution_unit/idp/ALU/Msub_GND_39_o_GND_39_o_sub_9_OUT_cy<12> (execution_unit/idp/ALU/Msub_GND_39_o_GND_39_o_sub_9_OUT_cy<12>)
     MUXCY:CI->O           1   0.023   0.000  execution_unit/idp/ALU/Msub_GND_39_o_GND_39_o_sub_9_OUT_cy<13> (execution_unit/idp/ALU/Msub_GND_39_o_GND_39_o_sub_9_OUT_cy<13>)
     MUXCY:CI->O           1   0.023   0.000  execution_unit/idp/ALU/Msub_GND_39_o_GND_39_o_sub_9_OUT_cy<14> (execution_unit/idp/ALU/Msub_GND_39_o_GND_39_o_sub_9_OUT_cy<14>)
     XORCY:CI->O           1   0.370   0.295  execution_unit/idp/ALU/Msub_GND_39_o_GND_39_o_sub_9_OUT_xor<15> (execution_unit/idp/ALU/GND_39_o_GND_39_o_sub_9_OUT<15>)
     LUT4:I3->O            2   0.097   0.516  execution_unit/idp/ALU/Alu_Op<3>_85 (execution_unit/idp/ALU/Alu_Op<3>_85)
     LUT6:I3->O           12   0.097   0.346  execution_unit/idp/ALU/Alu_Op<3>61 (N_OBUF)
     LUT5:I4->O            1   0.097   0.000  execution_unit/PC/ld_D[15]_select_4_OUT<15>1 (execution_unit/PC/ld_D[15]_select_4_OUT<15>)
     FDC:D                     0.008          execution_unit/PC/Q_15
    ----------------------------------------
    Total                      3.398ns (1.442ns logic, 1.956ns route)
                                       (42.4% logic, 57.6% route)

=========================================================================
Timing constraint: Default OFFSET OUT AFTER for Clock 'disp/pxl/clk_out'
  Total number of paths / destination ports: 316 / 15
-------------------------------------------------------------------------
Offset:              4.322ns (Levels of Logic = 6)
  Source:            disp/main_control/present_state_FSM_FFd3 (FF)
  Destination:       a (PAD)
  Source Clock:      disp/pxl/clk_out rising

  Data Path: disp/main_control/present_state_FSM_FFd3 to a
                                Gate     Net
    Cell:in->out      fanout   Delay   Delay  Logical Name (Net Name)
    ----------------------------------------  ------------
     FDC:C->Q             10   0.361   0.735  disp/main_control/present_state_FSM_FFd3 (disp/main_control/present_state_FSM_FFd3)
     LUT6:I0->O            1   0.097   0.511  disp/mux8to1/Mmux_Y<0>1 (disp/mux8to1/Mmux_Y<0>)
     LUT6:I3->O            1   0.097   0.683  disp/mux8to1/Mmux_Y<0>3 (disp/mux8to1/Mmux_Y<0>2)
     LUT5:I0->O            1   0.097   0.683  disp/mux8to1/Mmux_Y<0>4 (disp/mux8to1/Mmux_Y<0>3)
     LUT5:I0->O            7   0.097   0.584  disp/mux8to1/Mmux_Y<0>5 (disp/hex<0>)
     LUT4:I0->O            1   0.097   0.279  disp/decoder/Mram_disp21 (e_OBUF)
     OBUF:I->O                 0.000          e_OBUF (e)
    ----------------------------------------
    Total                      4.322ns (0.846ns logic, 3.476ns route)
                                       (19.6% logic, 80.4% route)

=========================================================================
Timing constraint: Default OFFSET OUT AFTER for Clock 'step_clk_out'
  Total number of paths / destination ports: 142066 / 10
-------------------------------------------------------------------------
Offset:              6.337ns (Levels of Logic = 13)
  Source:            execution_unit/IR/Q_4 (FF)
  Destination:       f (PAD)
  Source Clock:      step_clk_out rising

  Data Path: execution_unit/IR/Q_4 to f
                                Gate     Net
    Cell:in->out      fanout   Delay   Delay  Logical Name (Net Name)
    ----------------------------------------  ------------
     FDC:C->Q             43   0.361   0.802  execution_unit/IR/Q_4 (execution_unit/IR/Q_4)
     LUT6:I0->O            1   0.097   0.000  execution_unit/idp/regfile/R<0>LogicTrst3_G (N13)
     MUXF7:I1->O           4   0.279   0.707  execution_unit/idp/regfile/R<0>LogicTrst3 (execution_unit/reg_out<0>)
     LUT6:I0->O            1   0.097   0.000  execution_unit/idp/ALU/Msub_GND_39_o_GND_39_o_sub_4_OUT_lut<0> (execution_unit/idp/ALU/Msub_GND_39_o_GND_39_o_sub_4_OUT_lut<0>)
     MUXCY:S->O            1   0.353   0.000  execution_unit/idp/ALU/Msub_GND_39_o_GND_39_o_sub_4_OUT_cy<0> (execution_unit/idp/ALU/Msub_GND_39_o_GND_39_o_sub_4_OUT_cy<0>)
     MUXCY:CI->O           1   0.023   0.000  execution_unit/idp/ALU/Msub_GND_39_o_GND_39_o_sub_4_OUT_cy<1> (execution_unit/idp/ALU/Msub_GND_39_o_GND_39_o_sub_4_OUT_cy<1>)
     MUXCY:CI->O           1   0.023   0.000  execution_unit/idp/ALU/Msub_GND_39_o_GND_39_o_sub_4_OUT_cy<2> (execution_unit/idp/ALU/Msub_GND_39_o_GND_39_o_sub_4_OUT_cy<2>)
     XORCY:CI->O           1   0.370   0.379  execution_unit/idp/ALU/Msub_GND_39_o_GND_39_o_sub_4_OUT_xor<3> (execution_unit/idp/ALU/GND_39_o_GND_39_o_sub_4_OUT<3>)
     LUT6:I4->O            2   0.097   0.384  execution_unit/idp/ALU/Alu_Op<3>_716 (execution_unit/idp/ALU/Alu_Op<3>_716)
     LUT6:I4->O           11   0.097   0.602  execution_unit/idp/ALU/Alu_Op<3>91 (eu_d_out<3>)
     LUT4:I0->O            1   0.097   0.511  disp/mux8to1/Mmux_Y<3>6_SW0 (N8)
     LUT6:I3->O            7   0.097   0.584  disp/mux8to1/Mmux_Y<3>6 (disp/hex<3>)
     LUT4:I0->O            1   0.097   0.279  disp/decoder/Mram_disp111 (f_OBUF)
     OBUF:I->O                 0.000          f_OBUF (f)
    ----------------------------------------
    Total                      6.337ns (2.088ns logic, 4.249ns route)
                                       (32.9% logic, 67.1% route)

=========================================================================
Timing constraint: Default OFFSET OUT AFTER for Clock 'clk'
  Total number of paths / destination ports: 6230 / 10
-------------------------------------------------------------------------
Offset:              6.309ns (Levels of Logic = 12)
  Source:            main_memory/main_memory/U0/xst_blk_mem_generator/gnativebmg.native_blk_mem_gen/valid.cstr/ramloop[0].ram.r/v6_init.ram/NO_BMM_INFO.SP.WIDE_PRIM18.ram (RAM)
  Destination:       f (PAD)
  Source Clock:      clk rising

  Data Path: main_memory/main_memory/U0/xst_blk_mem_generator/gnativebmg.native_blk_mem_gen/valid.cstr/ramloop[0].ram.r/v6_init.ram/NO_BMM_INFO.SP.WIDE_PRIM18.ram to f
                                Gate     Net
    Cell:in->out      fanout   Delay   Delay  Logical Name (Net Name)
    ----------------------------------------  ------------
     RAMB18E1:CLKARDCLK->DOADO0    7   1.846   0.323  U0/xst_blk_mem_generator/gnativebmg.native_blk_mem_gen/valid.cstr/ramloop[0].ram.r/v6_init.ram/NO_BMM_INFO.SP.WIDE_PRIM18.ram (douta<0>)
     end scope: 'main_memory/main_memory:douta<0>'
     LUT5:I4->O            1   0.097   0.000  execution_unit/idp/ALU/Msub_GND_39_o_GND_39_o_sub_9_OUT_lut<0>1 (execution_unit/idp/ALU/Msub_GND_39_o_GND_39_o_sub_9_OUT_lut<0>1)
     MUXCY:S->O            1   0.353   0.000  execution_unit/idp/ALU/Msub_GND_39_o_GND_39_o_sub_9_OUT_cy<0> (execution_unit/idp/ALU/Msub_GND_39_o_GND_39_o_sub_9_OUT_cy<0>)
     MUXCY:CI->O           1   0.023   0.000  execution_unit/idp/ALU/Msub_GND_39_o_GND_39_o_sub_9_OUT_cy<1> (execution_unit/idp/ALU/Msub_GND_39_o_GND_39_o_sub_9_OUT_cy<1>)
     MUXCY:CI->O           1   0.023   0.000  execution_unit/idp/ALU/Msub_GND_39_o_GND_39_o_sub_9_OUT_cy<2> (execution_unit/idp/ALU/Msub_GND_39_o_GND_39_o_sub_9_OUT_cy<2>)
     XORCY:CI->O           1   0.370   0.295  execution_unit/idp/ALU/Msub_GND_39_o_GND_39_o_sub_9_OUT_xor<3> (execution_unit/idp/ALU/GND_39_o_GND_39_o_sub_9_OUT<3>)
     LUT4:I3->O            2   0.097   0.516  execution_unit/idp/ALU/Alu_Op<3>_88 (execution_unit/idp/ALU/Alu_Op<3>_88)
     LUT6:I3->O           11   0.097   0.602  execution_unit/idp/ALU/Alu_Op<3>91 (eu_d_out<3>)
     LUT4:I0->O            1   0.097   0.511  disp/mux8to1/Mmux_Y<3>6_SW0 (N8)
     LUT6:I3->O            7   0.097   0.584  disp/mux8to1/Mmux_Y<3>6 (disp/hex<3>)
     LUT4:I0->O            1   0.097   0.279  disp/decoder/Mram_disp111 (f_OBUF)
     OBUF:I->O                 0.000          f_OBUF (f)
    ----------------------------------------
    Total                      6.309ns (3.197ns logic, 3.112ns route)
                                       (50.7% logic, 49.3% route)

=========================================================================
Timing constraint: Default path analysis
  Total number of paths / destination ports: 6258 / 10
-------------------------------------------------------------------------
Delay:               4.940ns (Levels of Logic = 12)
  Source:            s_sel (PAD)
  Destination:       f (PAD)

  Data Path: s_sel to f
                                Gate     Net
    Cell:in->out      fanout   Delay   Delay  Logical Name (Net Name)
    ----------------------------------------  ------------
     IBUF:I->O            96   0.001   0.800  s_sel_IBUF (s_sel_IBUF)
     LUT5:I0->O            1   0.097   0.000  execution_unit/idp/ALU/Msub_GND_39_o_GND_39_o_sub_9_OUT_lut<0>1 (execution_unit/idp/ALU/Msub_GND_39_o_GND_39_o_sub_9_OUT_lut<0>1)
     MUXCY:S->O            1   0.353   0.000  execution_unit/idp/ALU/Msub_GND_39_o_GND_39_o_sub_9_OUT_cy<0> (execution_unit/idp/ALU/Msub_GND_39_o_GND_39_o_sub_9_OUT_cy<0>)
     MUXCY:CI->O           1   0.023   0.000  execution_unit/idp/ALU/Msub_GND_39_o_GND_39_o_sub_9_OUT_cy<1> (execution_unit/idp/ALU/Msub_GND_39_o_GND_39_o_sub_9_OUT_cy<1>)
     MUXCY:CI->O           1   0.023   0.000  execution_unit/idp/ALU/Msub_GND_39_o_GND_39_o_sub_9_OUT_cy<2> (execution_unit/idp/ALU/Msub_GND_39_o_GND_39_o_sub_9_OUT_cy<2>)
     XORCY:CI->O           1   0.370   0.295  execution_unit/idp/ALU/Msub_GND_39_o_GND_39_o_sub_9_OUT_xor<3> (execution_unit/idp/ALU/GND_39_o_GND_39_o_sub_9_OUT<3>)
     LUT4:I3->O            2   0.097   0.516  execution_unit/idp/ALU/Alu_Op<3>_88 (execution_unit/idp/ALU/Alu_Op<3>_88)
     LUT6:I3->O           11   0.097   0.602  execution_unit/idp/ALU/Alu_Op<3>91 (eu_d_out<3>)
     LUT4:I0->O            1   0.097   0.511  disp/mux8to1/Mmux_Y<3>6_SW0 (N8)
     LUT6:I3->O            7   0.097   0.584  disp/mux8to1/Mmux_Y<3>6 (disp/hex<3>)
     LUT4:I0->O            1   0.097   0.279  disp/decoder/Mram_disp111 (f_OBUF)
     OBUF:I->O                 0.000          f_OBUF (f)
    ----------------------------------------
    Total                      4.940ns (1.352ns logic, 3.588ns route)
                                       (27.4% logic, 72.6% route)

=========================================================================

Cross Clock Domains Report:
--------------------------

Clock to Setup on destination clock clk
---------------------------+---------+---------+---------+---------+
                           | Src:Rise| Src:Fall| Src:Rise| Src:Fall|
Source Clock               |Dest:Rise|Dest:Rise|Dest:Fall|Dest:Fall|
---------------------------+---------+---------+---------+---------+
clk                        |    5.223|         |         |         |
mem_w_enable/clk500/clk_out|    1.975|         |         |         |
step_clk_out               |    5.252|         |         |         |
---------------------------+---------+---------+---------+---------+

Clock to Setup on destination clock disp/pxl/clk_out
----------------+---------+---------+---------+---------+
                | Src:Rise| Src:Fall| Src:Rise| Src:Fall|
Source Clock    |Dest:Rise|Dest:Rise|Dest:Fall|Dest:Fall|
----------------+---------+---------+---------+---------+
disp/pxl/clk_out|    0.690|         |         |         |
----------------+---------+---------+---------+---------+

Clock to Setup on destination clock mem_w_enable/clk500/clk_out
---------------------------+---------+---------+---------+---------+
                           | Src:Rise| Src:Fall| Src:Rise| Src:Fall|
Source Clock               |Dest:Rise|Dest:Rise|Dest:Fall|Dest:Fall|
---------------------------+---------+---------+---------+---------+
mem_w_enable/clk500/clk_out|    0.653|         |         |         |
---------------------------+---------+---------+---------+---------+

Clock to Setup on destination clock step_clk_out
---------------+---------+---------+---------+---------+
               | Src:Rise| Src:Fall| Src:Rise| Src:Fall|
Source Clock   |Dest:Rise|Dest:Rise|Dest:Fall|Dest:Fall|
---------------+---------+---------+---------+---------+
clk            |    4.767|         |         |         |
step_clk_out   |    4.796|         |         |         |
---------------+---------+---------+---------+---------+

=========================================================================


Total REAL time to Xst completion: 12.00 secs
Total CPU time to Xst completion: 11.49 secs
 
--> 

Total memory usage is 411752 kilobytes

Number of errors   :    0 (   0 filtered)
Number of warnings :   42 (   0 filtered)
Number of infos    :    5 (   0 filtered)

